[root@mail carnet-standalone]# pm2 start ecosystem.config.cjs
[PM2][WARN] Applications carnet-patient-portal not running, starting...
[PM2] App [carnet-patient-portal] launched (1 instances)
â”Œâ”€â”€â”€â”€â”¬â”€â”€â”€â”€â”€â”€â”€â”€â”€â”€â”€â”€â”€â”€â”€â”€â”€â”€â”€â”€â”¬â”€â”€â”€â”€â”€â”€â”€â”€â”€â”€â”¬â”€â”€â”€â”€â”€â”€â”¬â”€â”€â”€â”€â”€â”€â”€â”€â”€â”€â”€â”¬â”€â”€â”€â”€â”€â”€â”€â”€â”€â”€â”¬â”€â”€â”€â”€â”€â”€â”€â”€â”€â”€â”
â”‚ id â”‚ name               â”‚ mode     â”‚ â†º    â”‚ status    â”‚ cpu      â”‚ memory   â”‚
â”œâ”€â”€â”€â”€â”¼â”€â”€â”€â”€â”€â”€â”€â”€â”€â”€â”€â”€â”€â”€â”€â”€â”€â”€â”€â”€â”¼â”€â”€â”€â”€â”€â”€â”€â”€â”€â”€â”¼â”€â”€â”€â”€â”€â”€â”¼â”€â”€â”€â”€â”€â”€â”€â”€â”€â”€â”€â”¼â”€â”€â”€â”€â”€â”€â”€â”€â”€â”€â”¼â”€â”€â”€â”€â”€â”€â”€â”€â”€â”€â”¤
â”‚ 4  â”‚ carnet-patient-poâ€¦ â”‚ fork     â”‚ 0    â”‚ online    â”‚ 0%       â”‚ 17.6mb   â”‚
â”‚ 0  â”‚ navimed            â”‚ fork     â”‚ 135  â”‚ online    â”‚ 0%       â”‚ 75.4mb   â”‚
â””â”€â”€â”€â”€â”´â”€â”€â”€â”€â”€â”€â”€â”€â”€â”€â”€â”€â”€â”€â”€â”€â”€â”€â”€â”€â”´â”€â”€â”€â”€â”€â”€â”€â”€â”€â”€â”´â”€â”€â”€â”€â”€â”€â”´â”€â”€â”€â”€â”€â”€â”€â”€â”€â”€â”€â”´â”€â”€â”€â”€â”€â”€â”€â”€â”€â”€â”´â”€â”€â”€â”€â”€â”€â”€â”€â”€â”€â”˜
[root@mail carnet-standalone]# pm2 logs carnet-patient-portal --lines 20 --nostream
[TAILING] Tailing last 20 lines for [carnet-patient-portal] process (change the value with --lines option)
/root/.pm2/logs/carnet-patient-portal-error-4.log last 20 lines:
4|carnet-p | Warning: connect.session() MemoryStore is not
4|carnet-p | designed for a production environment, as it will leak
4|carnet-p | memory, and will not scale past a single process.

/root/.pm2/logs/carnet-patient-portal-out-4.log last 20 lines:
4|carnet-p | ğŸš€ CARNET server running on port 5001

[root@mail carnet-standalone]# curl -X POST https://navimedi.org/api/carnet/invitation/send-invitation \
  -H "Content-Type: application/json" \
  -d '{
    "patientName": "Test Patient",
    "patientEmail": "test@example.com",
    "tempPassword": "TestPass123",
    "tenantName": "SAINT PAUL",
    "hospitalName": "SAINT PAUL Hospital"
  }'
{"success":false,"error":"Failed to send invitation email"}[root@mail carnet-standalone]# pm2 logs carnet-patient-portal --lines 30 --nostream        pm2 logs carnet-patient-portal --lines 30 --nostream
[TAILING] Tailing last 30 lines for [carnet-patient-portal] process (change the value with --lines option)
/root/.pm2/logs/carnet-patient-portal-out-4.log last 30 lines:
4|carnet-p | ğŸš€ CARNET server running on port 5001

/root/.pm2/logs/carnet-patient-portal-error-4.log last 30 lines:
4|carnet-p | Warning: connect.session() MemoryStore is not
4|carnet-p | designed for a production environment, as it will leak
4|carnet-p | memory, and will not scale past a single process.
4|carnet-p | Error sending invitation: Error: connect ECONNREFUSED 74.208.166.77:587
4|carnet-p |     at TCPConnectWrap.afterConnect [as oncomplete] (node:net:1611:16) {
4|carnet-p |   errno: -111,
4|carnet-p |   code: 'ESOCKET',
4|carnet-p |   syscall: 'connect',
4|carnet-p |   address: '74.208.166.77',
4|carnet-p |   port: 587,
4|carnet-p |   command: 'CONN'
4|carnet-p | }

[root@mail carnet-standalone]# pm2 show carnet-patient-portal | grep -A 20 "env:"
[root@mail carnet-standalone]# pm2 save
[PM2] Saving current process list...
[PM2] Successfully saved in /root/.pm2/dump.pm2
[root@mail carnet-standalone]# 