[root@mail carnet-standalone]# ls -la server/services/
total 0
drwxr-xr-x. 2 root root   6 Nov 19 19:32 .
drwxr-xr-x. 5 root root 113 Nov 19 20:11 ..
[root@mail carnet-standalone]# cp /root/server/services/emailService.ts server/services/emailService.ts
[root@mail carnet-standalone]# cat server/services/emailService.ts | head -10
import nodemailer from 'nodemailer';

const transporter = nodemailer.createTransport({
  host: process.env.SMTP_HOST,
  port: parseInt(process.env.SMTP_PORT || '587'),
  secure: process.env.SMTP_SECURE === 'true',
  auth: {
    user: process.env.SMTP_USER,
    pass: process.env.SMTP_PASS,
  },
[root@mail carnet-standalone]# pm2 restart carnet-patient-portal
Use --update-env to update environment variables
[PM2] Applying action restartProcessId on app [carnet-patient-portal](ids: [ 3 ])
[PM2] [carnet-patient-portal](3) âœ“
â”Œâ”€â”€â”€â”€â”¬â”€â”€â”€â”€â”€â”€â”€â”€â”€â”€â”€â”€â”€â”€â”€â”€â”€â”€â”€â”€â”¬â”€â”€â”€â”€â”€â”€â”€â”€â”€â”€â”¬â”€â”€â”€â”€â”€â”€â”¬â”€â”€â”€â”€â”€â”€â”€â”€â”€â”€â”€â”¬â”€â”€â”€â”€â”€â”€â”€â”€â”€â”€â”¬â”€â”€â”€â”€â”€â”€â”€â”€â”€â”€â”
â”‚ id â”‚ name               â”‚ mode     â”‚ â†º    â”‚ status    â”‚ cpu      â”‚ memory   â”‚
â”œâ”€â”€â”€â”€â”¼â”€â”€â”€â”€â”€â”€â”€â”€â”€â”€â”€â”€â”€â”€â”€â”€â”€â”€â”€â”€â”¼â”€â”€â”€â”€â”€â”€â”€â”€â”€â”€â”¼â”€â”€â”€â”€â”€â”€â”¼â”€â”€â”€â”€â”€â”€â”€â”€â”€â”€â”€â”¼â”€â”€â”€â”€â”€â”€â”€â”€â”€â”€â”¼â”€â”€â”€â”€â”€â”€â”€â”€â”€â”€â”¤
â”‚ 3  â”‚ carnet-patient-poâ€¦ â”‚ fork     â”‚ 175  â”‚ online    â”‚ 0%       â”‚ 13.1mb   â”‚
â”‚ 0  â”‚ navimed            â”‚ fork     â”‚ 135  â”‚ online    â”‚ 0%       â”‚ 79.4mb   â”‚
â””â”€â”€â”€â”€â”´â”€â”€â”€â”€â”€â”€â”€â”€â”€â”€â”€â”€â”€â”€â”€â”€â”€â”€â”€â”€â”´â”€â”€â”€â”€â”€â”€â”€â”€â”€â”€â”´â”€â”€â”€â”€â”€â”€â”´â”€â”€â”€â”€â”€â”€â”€â”€â”€â”€â”€â”´â”€â”€â”€â”€â”€â”€â”€â”€â”€â”€â”´â”€â”€â”€â”€â”€â”€â”€â”€â”€â”€â”˜
[root@mail carnet-standalone]# pm2 restart carnet-patient-portal
Use --update-env to update environment variables
[PM2] Applying action restartProcessId on app [carnet-patient-portal](ids: [ 3 ])
[PM2] [carnet-patient-portal](3) âœ“
â”Œâ”€â”€â”€â”€â”¬â”€â”€â”€â”€â”€â”€â”€â”€â”€â”€â”€â”€â”€â”€â”€â”€â”€â”€â”€â”€â”¬â”€â”€â”€â”€â”€â”€â”€â”€â”€â”€â”¬â”€â”€â”€â”€â”€â”€â”¬â”€â”€â”€â”€â”€â”€â”€â”€â”€â”€â”€â”¬â”€â”€â”€â”€â”€â”€â”€â”€â”€â”€â”¬â”€â”€â”€â”€â”€â”€â”€â”€â”€â”€â”
â”‚ id â”‚ name               â”‚ mode     â”‚ â†º    â”‚ status    â”‚ cpu      â”‚ memory   â”‚
â”œâ”€â”€â”€â”€â”¼â”€â”€â”€â”€â”€â”€â”€â”€â”€â”€â”€â”€â”€â”€â”€â”€â”€â”€â”€â”€â”¼â”€â”€â”€â”€â”€â”€â”€â”€â”€â”€â”¼â”€â”€â”€â”€â”€â”€â”¼â”€â”€â”€â”€â”€â”€â”€â”€â”€â”€â”€â”¼â”€â”€â”€â”€â”€â”€â”€â”€â”€â”€â”¼â”€â”€â”€â”€â”€â”€â”€â”€â”€â”€â”¤
â”‚ 3  â”‚ carnet-patient-poâ€¦ â”‚ fork     â”‚ 176  â”‚ online    â”‚ 0%       â”‚ 15.3mb   â”‚
â”‚ 0  â”‚ navimed            â”‚ fork     â”‚ 135  â”‚ online    â”‚ 0%       â”‚ 79.3mb   â”‚
â””â”€â”€â”€â”€â”´â”€â”€â”€â”€â”€â”€â”€â”€â”€â”€â”€â”€â”€â”€â”€â”€â”€â”€â”€â”€â”´â”€â”€â”€â”€â”€â”€â”€â”€â”€â”€â”´â”€â”€â”€â”€â”€â”€â”´â”€â”€â”€â”€â”€â”€â”€â”€â”€â”€â”€â”´â”€â”€â”€â”€â”€â”€â”€â”€â”€â”€â”´â”€â”€â”€â”€â”€â”€â”€â”€â”€â”€â”˜
[root@mail carnet-standalone]# pm2 logs carnet-patient-portal --lines 15
[TAILING] Tailing last 15 lines for [carnet-patient-portal] process (change the value with --lines option)
/root/.pm2/logs/carnet-patient-portal-error-3.log last 15 lines:
3|carnet-p |     at async resolve (file:///var/www/vhosts/navimedi.org/httpdocs/NAVIMEDI-EHR/carnet-standalone/node_modules/tsx/dist/esm/index.mjs?1763583197971:2:5355)
3|carnet-p |     at async nextResolve (node:internal/modules/esm/hooks:864:22)
3|carnet-p |     at async Hooks.resolve (node:internal/modules/esm/hooks:306:24)
3|carnet-p |     at async handleMessage (node:internal/modules/esm/worker:196:18) {
3|carnet-p |   code: 'ERR_MODULE_NOT_FOUND',
3|carnet-p |   url: 'file:///var/www/vhosts/navimedi.org/httpdocs/NAVIMEDI-EHR/carnet-standalone/server/services/emailService'
3|carnet-p | }
3|carnet-p | 
3|carnet-p | Node.js v20.19.5
3|carnet-p | Warning: connect.session() MemoryStore is not
3|carnet-p | designed for a production environment, as it will leak
3|carnet-p | memory, and will not scale past a single process.
3|carnet-p | Warning: connect.session() MemoryStore is not
3|carnet-p | designed for a production environment, as it will leak
3|carnet-p | memory, and will not scale past a single process.

/root/.pm2/logs/carnet-patient-portal-out-3.log last 15 lines:
3|carnet-p | ğŸš€ CARNET server running on port 5001
3|carnet-p | ğŸš€ CARNET server running on port 5001
3|carnet-p | ğŸš€ CARNET server running on port 5001
