[root@mail carnet-standalone]# grep -n "app.use('/api" server/index.ts
29:app.use('/api/auth', authRoutes);
30:app.use('/api/patient', patientRoutes);
31:app.use('/api/medical-communications', medicalCommRoutes);
[root@mail carnet-standalone]# sed -i "31a import invitationRoutes from './routes/invitation';" server/index.ts
sed -i "34a app.use('/api/invitation', invitationRoutes);" server/index.ts
[root@mail carnet-standalone]# grep -A 2 -B 2 "invitation" server/index.ts
app.use('/api/patient', patientRoutes);
app.use('/api/medical-communications', medicalCommRoutes);
import invitationRoutes from './routes/invitation';

app.get('/api/health', (req, res) => {
app.use('/api/invitation', invitationRoutes);
  res.json({ status: 'ok', message: 'CARNET API is running' });
});
[root@mail carnet-standalone]# grep -A 2 -B 2 "invitation" server/index.ts
app.use('/api/patient', patientRoutes);
app.use('/api/medical-communications', medicalCommRoutes);
import invitationRoutes from './routes/invitation';

app.get('/api/health', (req, res) => {
app.use('/api/invitation', invitationRoutes);
  res.json({ status: 'ok', message: 'CARNET API is running' });
});
[root@mail carnet-standalone]# pm2 restart carnet-patient-portal
Use --update-env to update environment variables
[PM2] Applying action restartProcessId on app [carnet-patient-portal](ids: [ 3 ])
[PM2] [carnet-patient-portal](3) âœ“
â”Œâ”€â”€â”€â”€â”¬â”€â”€â”€â”€â”€â”€â”€â”€â”€â”€â”€â”€â”€â”€â”€â”€â”€â”€â”€â”€â”¬â”€â”€â”€â”€â”€â”€â”€â”€â”€â”€â”¬â”€â”€â”€â”€â”€â”€â”¬â”€â”€â”€â”€â”€â”€â”€â”€â”€â”€â”€â”¬â”€â”€â”€â”€â”€â”€â”€â”€â”€â”€â”¬â”€â”€â”€â”€â”€â”€â”€â”€â”€â”€â”
â”‚ id â”‚ name               â”‚ mode     â”‚ â†º    â”‚ status    â”‚ cpu      â”‚ memory   â”‚
â”œâ”€â”€â”€â”€â”¼â”€â”€â”€â”€â”€â”€â”€â”€â”€â”€â”€â”€â”€â”€â”€â”€â”€â”€â”€â”€â”¼â”€â”€â”€â”€â”€â”€â”€â”€â”€â”€â”¼â”€â”€â”€â”€â”€â”€â”¼â”€â”€â”€â”€â”€â”€â”€â”€â”€â”€â”€â”¼â”€â”€â”€â”€â”€â”€â”€â”€â”€â”€â”¼â”€â”€â”€â”€â”€â”€â”€â”€â”€â”€â”¤
â”‚ 3  â”‚ carnet-patient-poâ€¦ â”‚ fork     â”‚ 160  â”‚ online    â”‚ 0%       â”‚ 18.3mb   â”‚
â”‚ 0  â”‚ navimed            â”‚ fork     â”‚ 135  â”‚ online    â”‚ 0%       â”‚ 78.9mb   â”‚
â””â”€â”€â”€â”€â”´â”€â”€â”€â”€â”€â”€â”€â”€â”€â”€â”€â”€â”€â”€â”€â”€â”€â”€â”€â”€â”´â”€â”€â”€â”€â”€â”€â”€â”€â”€â”€â”´â”€â”€â”€â”€â”€â”€â”´â”€â”€â”€â”€â”€â”€â”€â”€â”€â”€â”€â”´â”€â”€â”€â”€â”€â”€â”€â”€â”€â”€â”´â”€â”€â”€â”€â”€â”€â”€â”€â”€â”€â”˜
[root@mail carnet-standalone]# pm2 logs carnet-patient-portal --lines 20
[TAILING] Tailing last 20 lines for [carnet-patient-portal] process (change the value with --lines option)
/root/.pm2/logs/carnet-patient-portal-out-3.log last 20 lines:
3|carnet-p | ğŸš€ CARNET server running on port 5001

/root/.pm2/logs/carnet-patient-portal-error-3.log last 20 lines:
3|carnet-p | 
3|carnet-p | node:internal/modules/run_main:123
3|carnet-p |     triggerUncaughtException(
3|carnet-p |     ^
3|carnet-p | Error [ERR_MODULE_NOT_FOUND]: Cannot find module '/var/www/vhosts/navimedi.org/httpdocs/NAVIMEDI-EHR/carnet-standalone/server/services/emailService' imported from /var/www/vhosts/navimedi.org/httpdocs/NAVIMEDI-EHR/carnet-standalone/server/routes/invitation.ts
3|carnet-p |     at finalizeResolution (node:internal/modules/esm/resolve:283:11)
3|carnet-p |     at moduleResolve (node:internal/modules/esm/resolve:952:10)
3|carnet-p |     at defaultResolve (node:internal/modules/esm/resolve:1188:11)
3|carnet-p |     at nextResolve (node:internal/modules/esm/hooks:864:28)
3|carnet-p |     at resolveBase (file:///var/www/vhosts/navimedi.org/httpdocs/NAVIMEDI-EHR/carnet-standalone/node_modules/tsx/dist/esm/index.mjs?1763583197971:2:3744)
3|carnet-p |     at async resolveDirectory (file:///var/www/vhosts/navimedi.org/httpdocs/NAVIMEDI-EHR/carnet-standalone/node_modules/tsx/dist/esm/index.mjs?1763583197971:2:4237)
3|carnet-p |     at async resolve (file:///var/www/vhosts/navimedi.org/httpdocs/NAVIMEDI-EHR/carnet-standalone/node_modules/tsx/dist/esm/index.mjs?1763583197971:2:5355)
3|carnet-p |     at async nextResolve (node:internal/modules/esm/hooks:864:22)
3|carnet-p |     at async Hooks.resolve (node:internal/modules/esm/hooks:306:24)
3|carnet-p |     at async handleMessage (node:internal/modules/esm/worker:196:18) {
3|carnet-p |   code: 'ERR_MODULE_NOT_FOUND',
3|carnet-p |   url: 'file:///var/www/vhosts/navimedi.org/httpdocs/NAVIMEDI-EHR/carnet-standalone/server/services/emailService'
3|carnet-p | }
3|carnet-p | 
3|carnet-p | Node.js v20.19.5

Ã§^C
[root@mail carnet-standalone]# 