Last failed login: Wed Nov 12 01:51:21 UTC 2025 from 14.103.159.240 on ssh:notty
There were 7 failed login attempts since the last successful login.
Last login: Wed Nov 12 01:46:22 2025 from 127.0.0.1

This server is powered by Plesk.

Run the 'plesk login' command and log in by browsing either of the links received in the output.
Use the 'plesk' command to manage the server. Run 'plesk help' for more info.

[root@wizardly-swirles ~]# cd /var/www/vhosts/navimedi.org/httpdocs/NaviMed
[root@wizardly-swirles NaviMed]# echo 'STRIPE_SECRET_KEY=sk_test_51QQcZdAXhL5yKNxT9cOT4GIB9VTaUQQzjQEVcJGLH4nB6kJX9eQYN6WuuHKqwqQZ2rqN1Vr6z1Y3yMX5zYLcqCT00bKxMhqYo' >> .env
[root@wizardly-swirles NaviMed]# echo 'VITE_STRIPE_PUBLIC_KEY=pk_test_51QQcZdAXhL5yKNxTMZvP5uVXZxOmQvJEZQQUqOJEQQZQQQQQQQQQQQQQQQQQQQQQQQQQQQQQQQQQQQQQQQQQQQQQQQQQQ' >> .env
[root@wizardly-swirles NaviMed]# cat .env | grep STRIPE
STRIPE_SECRET_KEY=sk_test_51QQcZdAXhL5yKNxT9cOT4GIB9VTaUQQzjQEVcJGLH4nB6kJX9eQYN6WuuHKqwqQZ2rqN1Vr6z1Y3yMX5zYLcqCT00bKxMhqYo
VITE_STRIPE_PUBLIC_KEY=pk_test_51QQcZdAXhL5yKNxTMZvP5uVXZxOmQvJEZQQUqOJEQQZQQQQQQQQQQQQQQQQQQQQQQQQQQQQQQQQQQQQQQQQQQQQQQQQQQ
[root@wizardly-swirles NaviMed]# V
-bash: V: command not found
[root@wizardly-swirles NaviMed]# npm run build

> rest-express@1.0.0 build
> vite build && esbuild server/index.ts --platform=node --packages=external --bundle --format=esm --outdir=dist

vite v5.4.21 building for production...
✓ 3669 modules transformed.
[plugin:vite:reporter] [plugin vite:reporter] 
(!) /var/www/vhosts/navimedi.org/httpdocs/NaviMed/client/src/lib/queryClient.ts is dynamically imported by /var/www/vhosts/navimedi.org/httpdocs/NaviMed/client/src/components/communication/communication-viewer.tsx, /var/www/vhosts/navimedi.org/httpdocs/NaviMed/client/src/components/communication/language-manager.tsx, /var/www/vhosts/navimedi.org/httpdocs/NaviMed/client/src/components/communication/language-manager.tsx, /var/www/vhosts/navimedi.org/httpdocs/NaviMed/client/src/pages/lab-orders.tsx, /var/www/vhosts/navimedi.org/httpdocs/NaviMed/client/src/pages/lab-results-reporting.tsx, /var/www/vhosts/navimedi.org/httpdocs/NaviMed/client/src/pages/lab-results.tsx, /var/www/vhosts/navimedi.org/httpdocs/NaviMed/client/src/pages/medical-communications.tsx, /var/www/vhosts/navimedi.org/httpdocs/NaviMed/client/src/pages/medical-communications.tsx but also statically imported by /var/www/vhosts/navimedi.org/httpdocs/NaviMed/client/src/App.tsx, /var/www/vhosts/navimedi.org/httpdocs/NaviMed/client/src/components/admin/AdminPermissionsManager.tsx, /var/www/vhosts/navimedi.org/httpdocs/NaviMed/client/src/components/dashboard/department-management.tsx, /var/www/vhosts/navimedi.org/httpdocs/NaviMed/client/src/components/forms/change-password-form.tsx, /var/www/vhosts/navimedi.org/httpdocs/NaviMed/client/src/components/forms/visit-summary-form.tsx, /var/www/vhosts/navimedi.org/httpdocs/NaviMed/client/src/components/forms/vital-signs-form.tsx, /var/www/vhosts/navimedi.org/httpdocs/NaviMed/client/src/components/hospital/HospitalUserRoleManagement.tsx, /var/www/vhosts/navimedi.org/httpdocs/NaviMed/client/src/components/patient/PatientAccessRequestManager.tsx, /var/www/vhosts/navimedi.org/httpdocs/NaviMed/client/src/components/pharmacy/UserRolesManagement.tsx, /var/www/vhosts/navimedi.org/httpdocs/NaviMed/client/src/components/training-enrollment-form.tsx, /var/www/vhosts/navimedi.org/httpdocs/NaviMed/client/src/components/ui/currency-settings.tsx, /var/www/vhosts/navimedi.org/httpdocs/NaviMed/client/src/hooks/useCurrency.ts, /var/www/vhosts/navimedi.org/httpdocs/NaviMed/client/src/lib/dashboard-invalidation.ts, /var/www/vhosts/navimedi.org/httpdocs/NaviMed/client/src/lib/enhanced-mutations.ts, /var/www/vhosts/navimedi.org/httpdocs/NaviMed/client/src/pages/admin-counter-reset.tsx, /var/www/vhosts/navimedi.org/httpdocs/NaviMed/client/src/pages/admin-medical-codes-simple.tsx, /var/www/vhosts/navimedi.org/httpdocs/NaviMed/client/src/pages/advertisements.tsx, /var/www/vhosts/navimedi.org/httpdocs/NaviMed/client/src/pages/allergy-management.tsx, /var/www/vhosts/navimedi.org/httpdocs/NaviMed/client/src/pages/appointments.tsx, /var/www/vhosts/navimedi.org/httpdocs/NaviMed/client/src/pages/bi-reports.tsx, /var/www/vhosts/navimedi.org/httpdocs/NaviMed/client/src/pages/billing-management.tsx, /var/www/vhosts/navimedi.org/httpdocs/NaviMed/client/src/pages/billing.tsx, /var/www/vhosts/navimedi.org/httpdocs/NaviMed/client/src/pages/checkout-simple.tsx, /var/www/vhosts/navimedi.org/httpdocs/NaviMed/client/src/pages/checkout.tsx, /var/www/vhosts/navimedi.org/httpdocs/NaviMed/client/src/pages/developer-portal.tsx, /var/www/vhosts/navimedi.org/httpdocs/NaviMed/client/src/pages/doctor-calendar.tsx, /var/www/vhosts/navimedi.org/httpdocs/NaviMed/client/src/pages/document-management.tsx, /var/www/vhosts/navimedi.org/httpdocs/NaviMed/client/src/pages/forgot-password.tsx, /var/www/vhosts/navimedi.org/httpdocs/NaviMed/client/src/pages/health-recommendations.tsx, /var/www/vhosts/navimedi.org/httpdocs/NaviMed/client/src/pages/health-reminders.tsx, /var/www/vhosts/navimedi.org/httpdocs/NaviMed/client/src/pages/health-surveys.tsx, /var/www/vhosts/navimedi.org/httpdocs/NaviMed/client/src/pages/hospital-billing.tsx, /var/www/vhosts/navimedi.org/httpdocs/NaviMed/client/src/pages/inventory-audits.tsx, /var/www/vhosts/navimedi.org/httpdocs/NaviMed/client/src/pages/lab-orders.tsx, /var/www/vhosts/navimedi.org/httpdocs/NaviMed/client/src/pages/laboratory-dashboard.tsx, /var/www/vhosts/navimedi.org/httpdocs/NaviMed/client/src/pages/leave-management.tsx, /var/www/vhosts/navimedi.org/httpdocs/NaviMed/client/src/pages/login.tsx, /var/www/vhosts/navimedi.org/httpdocs/NaviMed/client/src/pages/medication-insurance-claims.tsx, /var/www/vhosts/navimedi.org/httpdocs/NaviMed/client/src/pages/patient-education.tsx, /var/www/vhosts/navimedi.org/httpdocs/NaviMed/client/src/pages/patient-login.tsx, /var/www/vhosts/navimedi.org/httpdocs/NaviMed/client/src/pages/patient-portal.tsx, /var/www/vhosts/navimedi.org/httpdocs/NaviMed/client/src/pages/patients.tsx, /var/www/vhosts/navimedi.org/httpdocs/NaviMed/client/src/pages/pharmacy-customers.tsx, /var/www/vhosts/navimedi.org/httpdocs/NaviMed/client/src/pages/post-lab-results.tsx, /var/www/vhosts/navimedi.org/httpdocs/NaviMed/client/src/pages/prescriptions.tsx, /var/www/vhosts/navimedi.org/httpdocs/NaviMed/client/src/pages/profile-settings.tsx, /var/www/vhosts/navimedi.org/httpdocs/NaviMed/client/src/pages/receptionist-dashboard.tsx, /var/www/vhosts/navimedi.org/httpdocs/NaviMed/client/src/pages/reports.tsx, /var/www/vhosts/navimedi.org/httpdocs/NaviMed/client/src/pages/reset-password.tsx, /var/www/vhosts/navimedi.org/httpdocs/NaviMed/client/src/pages/service-pricing-management.tsx, /var/www/vhosts/navimedi.org/httpdocs/NaviMed/client/src/pages/staff-scheduling.tsx, /var/www/vhosts/navimedi.org/httpdocs/NaviMed/client/src/pages/subscribe.tsx, /var/www/vhosts/navimedi.org/httpdocs/NaviMed/client/src/pages/super-admin-client-management.tsx, /var/www/vhosts/navimedi.org/httpdocs/NaviMed/client/src/pages/super-admin-dashboard.tsx, /var/www/vhosts/navimedi.org/httpdocs/NaviMed/client/src/pages/supplier-portal.tsx, /var/www/vhosts/navimedi.org/httpdocs/NaviMed/client/src/pages/supplier-signup.tsx, /var/www/vhosts/navimedi.org/httpdocs/NaviMed/client/src/pages/time-tracking.tsx, /var/www/vhosts/navimedi.org/httpdocs/NaviMed/client/src/pages/user-roles.tsx, /var/www/vhosts/navimedi.org/httpdocs/NaviMed/client/src/pages/white-label-settings.tsx, dynamic import will not move module into another chunk.

../dist/public/index.html                                          10.08 kB │ gzip:   2.91 kB
../dist/public/assets/JPG_1753663321927-DgkMhBd3.jpg               55.42 kB
../dist/public/assets/image_1754352650858-BnYJl1Ml.png             96.44 kB
../dist/public/assets/image_1754352725355-BnK0MoBJ.png            117.79 kB
../dist/public/assets/image_1754352574197-4KYOPGEO.png            185.50 kB
../dist/public/assets/image_1754352599331-Dgf1L21r.png            203.98 kB
../dist/public/assets/image_1754352626174-D1C0mYbb.png            207.51 kB
../dist/public/assets/image_1754352767570-D0Cxo8da.png          6,887.79 kB
../dist/public/assets/index-IX5zQT7q.css                          251.75 kB │ gzip:  35.91 kB
../dist/public/assets/payment-success-BZllIcBg.js                   1.49 kB │ gzip:   0.64 kB
../dist/public/assets/subscription-success-BJyYQEfj.js              2.09 kB │ gzip:   0.83 kB
../dist/public/assets/checkout-DwHuE94M.js                          2.16 kB │ gzip:   0.75 kB
../dist/public/assets/checkout-simple-CYBayokp.js                   3.00 kB │ gzip:   1.35 kB
../dist/public/assets/subscribe-C9nFsyf0.js                         3.35 kB │ gzip:   1.34 kB
../dist/public/assets/laboratories-DvuxPhbm.js                      3.64 kB │ gzip:   1.33 kB
../dist/public/assets/platform-overview-DpJrcQBV.js                 3.84 kB │ gzip:   1.24 kB
../dist/public/assets/billing-insurance-Dv5F3RVF.js                 4.06 kB │ gzip:   1.23 kB
../dist/public/assets/laboratory-order-processing-39qT3Z9L.js       4.16 kB │ gzip:   1.28 kB
../dist/public/assets/clinics-CJmtUEhb.js                           4.28 kB │ gzip:   1.51 kB
../dist/public/assets/security-compliance-DIeokc5X.js               4.57 kB │ gzip:   1.34 kB
../dist/public/assets/organization-setup-CatkpvW1.js                4.62 kB │ gzip:   1.40 kB
../dist/public/assets/electronic-health-records-Bu4tiPBI.js         4.73 kB │ gzip:   1.43 kB
../dist/public/assets/prescription-management-qOVJMA4v.js           4.74 kB │ gzip:   1.42 kB
../dist/public/assets/clinical-documentation-BZ6WmPf_.js            4.80 kB │ gzip:   1.41 kB
../dist/public/assets/help-center-C54EApD_.js                       4.85 kB │ gzip:   1.69 kB
../dist/public/assets/contact-CcgY2mN6.js                           5.08 kB │ gzip:   1.37 kB
../dist/public/assets/payment-demo-D0Lmnhls.js                      5.52 kB │ gzip:   1.47 kB
../dist/public/assets/status-BVbuEF11.js                            5.59 kB │ gzip:   1.54 kB
../dist/public/assets/getting-started-DmcUG987.js                   5.93 kB │ gzip:   1.48 kB
../dist/public/assets/appointment-scheduling-La6Z2s3m.js            6.60 kB │ gzip:   1.73 kB
../dist/public/assets/patient-management-DSbKgIJs.js                6.64 kB │ gzip:   1.81 kB
../dist/public/assets/pharmacy-billing-UaxJAF06.js                  6.86 kB │ gzip:   1.86 kB
../dist/public/assets/video-integration-options-DcZfLmmB.js         7.49 kB │ gzip:   1.89 kB
../dist/public/assets/pharmacy-inventory-Q4q7Mf47.js                7.51 kB │ gzip:   2.12 kB
../dist/public/assets/api-docs-BU3nacIN.js                          7.59 kB │ gzip:   2.13 kB
../dist/public/assets/billing-management-Dn6sctxz.js                7.71 kB │ gzip:   2.12 kB
../dist/public/assets/youtube-integration-C-qtl1hx.js               7.97 kB │ gzip:   2.22 kB
../dist/public/assets/inventory-audits-Lzt4uSwv.js                  8.04 kB │ gzip:   2.49 kB
../dist/public/assets/trial-status-Bm8AZWMx.js                      8.15 kB │ gzip:   2.19 kB
../dist/public/assets/laboratory-billing-BLBqxxcK.js                8.66 kB │ gzip:   2.63 kB
../dist/public/assets/integrations-DtOCXopu.js                      9.10 kB │ gzip:   2.92 kB
../dist/public/assets/hospitals-C90yrUUT.js                         9.69 kB │ gzip:   2.67 kB
../dist/public/assets/api-docs-5_kO4xA0.js                          9.70 kB │ gzip:   2.76 kB
../dist/public/assets/vimeo-integration-9xmNxKeI.js                10.01 kB │ gzip:   2.39 kB
../dist/public/assets/aws-integration-BCiKa23j.js                  12.36 kB │ gzip:   2.80 kB
../dist/public/assets/achievements-Da8XZZQO.js                     12.60 kB │ gzip:   2.55 kB
../dist/public/assets/prescription-archives-BXuPNp34.js            13.28 kB │ gzip:   3.34 kB
../dist/public/assets/user-account-configuration-C4N30JIB.js       14.00 kB │ gzip:   3.33 kB
../dist/public/assets/troubleshooting-guide-eGtTiauL.js            14.13 kB │ gzip:   4.10 kB
../dist/public/assets/video-player-CIvoLrzY.js                     16.26 kB │ gzip:   4.41 kB
../dist/public/assets/initial-system-configuration-B1fK2xE7.js     17.47 kB │ gzip:   3.75 kB
../dist/public/assets/quick-reference-guide-DGO4wHT2.js            18.04 kB │ gzip:   3.94 kB
../dist/public/assets/pharmacy-customers-C53oAmyE.js               19.30 kB │ gzip:   4.75 kB
../dist/public/assets/workflow-training-modules-BUIU0AoH.js        19.31 kB │ gzip:   4.26 kB
../dist/public/assets/role-based-access-setup-CqZ_HTsj.js          19.72 kB │ gzip:   4.24 kB
../dist/public/assets/laboratory-registration-2uOTpXsn.js          20.05 kB │ gzip:   4.56 kB
../dist/public/assets/first-patient-registration-C0OPaxw2.js       20.25 kB │ gzip:   4.14 kB
../dist/public/assets/medication-insurance-claims-BsHe1At0.js      20.67 kB │ gzip:   5.05 kB
../dist/public/assets/lab-sample-management-DjYtdi25.js            21.59 kB │ gzip:   4.44 kB
../dist/public/assets/hospital-billing-DrWoZYBu.js                 21.87 kB │ gzip:   4.47 kB
../dist/public/assets/lab-test-management-BPhYQu50.js              24.09 kB │ gzip:   4.81 kB
../dist/public/assets/lab-results-reporting-C8O-eyLH.js            25.20 kB │ gzip:   6.19 kB
../dist/public/assets/system-admin-training-CBqTV4Mc.js            25.49 kB │ gzip:   5.40 kB
../dist/public/assets/lab-inventory-management-IESbqAJM.js         26.18 kB │ gzip:   5.57 kB
../dist/public/assets/profile-settings-QyAqn8ey.js                 27.64 kB │ gzip:   6.28 kB
../dist/public/assets/comprehensive-user-training-x_SKYa4x.js      28.08 kB │ gzip:   6.63 kB
../dist/public/assets/documentation-D8E5vfkQ.js                    29.08 kB │ gzip:   7.33 kB
../dist/public/assets/currency-management-BzWuY-PB.js              43.66 kB │ gzip:  12.11 kB
../dist/public/assets/lab-analytics-dashboard-B49JLqa1.js          44.75 kB │ gzip:  10.85 kB
../dist/public/assets/index-CNLWd-7r.js                         4,058.67 kB │ gzip: 921.73 kB

(!) Some chunks are larger than 500 kB after minification. Consider:
- Using dynamic import() to code-split the application
- Use build.rollupOptions.output.manualChunks to improve chunking: https://rollupjs.org/configuration-options/#output-manualchunks
- Adjust chunk size limit for this warning via build.chunkSizeWarningLimit.
✓ built in 17.54s

  dist/index.js  1010.0kb

⚡ Done in 43ms
[root@wizardly-swirles NaviMed]# pm2 restart navimed
Use --update-env to update environment variables
[PM2] Applying action restartProcessId on app [navimed](ids: [ 0 ])
[PM2] [navimed](0) ✓
┌────┬────────────┬─────────────┬─────────┬─────────┬──────────┬────────┬──────┬───────────┬──────────┬──────────┬──────────┬──────────┐
│ id │ name       │ namespace   │ version │ mode    │ pid      │ uptime │ ↺    │ status    │ cpu      │ mem      │ user     │ watching │
├────┼────────────┼─────────────┼─────────┼─────────┼──────────┼────────┼──────┼───────────┼──────────┼──────────┼──────────┼──────────┤
│ 0  │ navimed    │ default     │ N/A     │ fork    │ 2229386  │ 0s     │ 79   │ online    │ 0%       │ 17.5mb   │ root     │ disabled │
└────┴────────────┴─────────────┴─────────┴─────────┴──────────┴────────┴──────┴───────────┴──────────┴──────────┴──────────┴──────────┘
[root@wizardly-swirles NaviMed]# 